[www.free-css.com/assets/files/free-css-templates/preview/page231/travel/index.html]
[backblue.gif]
[fade.gif]
[index.html]
[www.free-css.com/assets/files/free-css-templates/preview/page231/travel/assets/js/modernizr-2.6.2.min.js]
[s3.buysellads.com/ac/bsa.js]
[www.free-css.com/assets/files/free-css-templates/preview/page231/travel/pages/vacation.html]
[www.free-css.com/assets/files/free-css-templates/preview/page231/travel/pages/flight.html]
[www.free-css.com/assets/files/free-css-templates/preview/page231/travel/pages/hotel.html]
[www.free-css.com/assets/files/free-css-templates/preview/page231/travel/pages/car.html]
[www.free-css.com/assets/files/free-css-templates/preview/page231/travel/pages/blog.html]
[www.free-css.com/assets/files/free-css-templates/preview/page231/travel/pages/contact.html]
[www.free-css.com/assets/files/free-css-templates/preview/page231/travel/assets/images/cover_bg_1.jpg]
[www.free-css.com/assets/files/free-css-templates/preview/page231/travel/assets/images/place-1.jpg]
[www.free-css.com/assets/files/free-css-templates/preview/page231/travel/assets/images/place-2.jpg]
[www.free-css.com/assets/files/free-css-templates/preview/page231/travel/assets/images/place-3.jpg]
[www.free-css.com/assets/files/free-css-templates/preview/page231/travel/assets/images/place-4.jpg]
[www.free-css.com/assets/files/free-css-templates/preview/page231/travel/assets/images/place-5.jpg]
[www.free-css.com/assets/files/free-css-templates/preview/page231/travel/assets/images/place-6.jpg]
[www.free-css.com/assets/files/free-css-templates/preview/page231/travel/assets/images/place-7.jpg]
[www.free-css.com/assets/files/free-css-templates/preview/page231/travel/assets/images/place-8.jpg]
[www.free-css.com/assets/files/free-css-templates/preview/page231/travel/assets/images/place-9.jpg]
[www.free-css.com/assets/files/free-css-templates/preview/page231/travel/assets/images/place-10.jpg]
[www.free-css.com/assets/files/free-css-templates/preview/page231/travel/assets/js/jquery.min.js]
[www.free-css.com/assets/files/free-css-templates/preview/page231/travel/assets/js/jquery.easing.1.3.js]
[www.free-css.com/assets/files/free-css-templates/preview/page231/travel/assets/js/bootstrap.min.js]
[www.free-css.com/assets/files/free-css-templates/preview/page231/travel/assets/js/jquery.waypoints.min.js]
[www.free-css.com/assets/files/free-css-templates/preview/page231/travel/assets/js/sticky.js]
[www.free-css.com/assets/files/free-css-templates/preview/page231/travel/assets/js/jquery.stellar.min.js]
[www.free-css.com/assets/files/free-css-templates/preview/page231/travel/assets/js/hoverIntent.js]
[www.free-css.com/assets/files/free-css-templates/preview/page231/travel/assets/js/superfish.js]
[www.free-css.com/assets/files/free-css-templates/preview/page231/travel/assets/js/jquery.magnific-popup.min.js]
[www.free-css.com/assets/files/free-css-templates/preview/page231/travel/assets/js/bootstrap-datepicker.min.js]
[www.free-css.com/assets/files/free-css-templates/preview/page231/travel/assets/js/classie.js]
[www.free-css.com/assets/files/free-css-templates/preview/page231/travel/assets/js/selectFx.js]
[www.free-css.com/assets/files/free-css-templates/preview/page231/travel/assets/js/main.js]
[www.google-analytics.com/analytics.js]
[www.free-css.com/assets/files/free-css-templates/preview/page231/travel/index.html]
[www.free-css.com/assets/files/free-css-templates/preview/page231/travel/assets/css/fonts/glyphicons-halflings-regular.eot]
[www.free-css.com/assets/files/free-css-templates/preview/page231/travel/assets/css/fonts/glyphicons-halflings-regulard41d.eot]
[www.free-css.com/assets/files/free-css-templates/preview/page231/travel/assets/css/fonts/glyphicons-halflings-regular.woff]
[www.free-css.com/assets/files/free-css-templates/preview/page231/travel/assets/css/fonts/glyphicons-halflings-regular.ttf]
[www.free-css.com/assets/files/free-css-templates/preview/page231/travel/assets/css/bootstrap.css]
[www.free-css.com/assets/files/free-css-templates/preview/page231/travel/assets/css/fonts/icomoon6029.eot]
[www.free-css.com/assets/files/free-css-templates/preview/page231/travel/assets/css/fonts/icomoon6029.ttf]
[www.free-css.com/assets/files/free-css-templates/preview/page231/travel/assets/css/fonts/icomoon6029.woff]
[www.free-css.com/assets/files/free-css-templates/preview/page231/travel/assets/css/fonts/themify9f24.eot]
[www.free-css.com/assets/files/free-css-templates/preview/page231/travel/assets/css/fonts/themifyd41d.eot]
[www.free-css.com/assets/files/free-css-templates/preview/page231/travel/assets/css/fonts/themify9f24.woff]
[www.free-css.com/assets/files/free-css-templates/preview/page231/travel/assets/css/fonts/themify9f24.ttf]
[www.free-css.com/assets/files/free-css-templates/preview/page231/travel/assets/css/plugins.css]
[www.free-css.com/assets/files/free-css-templates/preview/page231/travel/assets/css/style.css]
[www.free-css.com/assets/files/free-css-templates/preview/page231/travel/assets/images/cover_bg_2.jpg]
[www.free-css.com/assets/files/free-css-templates/preview/page231/travel/pages/vacation.html]
[www.free-css.com/assets/files/free-css-templates/preview/page231/travel/assets/images/cover_bg_3.jpg]
[www.free-css.com/assets/files/free-css-templates/preview/page231/travel/pages/flight.html]
[www.free-css.com/assets/files/free-css-templates/preview/page231/travel/assets/images/cover_bg_5.jpg]
[www.free-css.com/assets/files/free-css-templates/preview/page231/travel/pages/hotel.html]
[www.free-css.com/assets/files/free-css-templates/preview/page231/travel/assets/images/cover_bg_4.jpg]
[www.free-css.com/assets/files/free-css-templates/preview/page231/travel/assets/images/car-1.jpg]
[www.free-css.com/assets/files/free-css-templates/preview/page231/travel/assets/images/car-2.jpg]
[www.free-css.com/assets/files/free-css-templates/preview/page231/travel/assets/images/car-3.jpg]
[www.free-css.com/assets/files/free-css-templates/preview/page231/travel/assets/images/car-4.jpg]
[www.free-css.com/assets/files/free-css-templates/preview/page231/travel/assets/images/car-5.jpg]
[www.free-css.com/assets/files/free-css-templates/preview/page231/travel/assets/images/car-6.jpg]
[www.free-css.com/assets/files/free-css-templates/preview/page231/travel/pages/car.html]
[www.free-css.com/assets/files/free-css-templates/preview/page231/travel/pages/blog.html]
[www.free-css.com/assets/files/free-css-templates/preview/page231/travel/assets/js/google_map.js]
[www.free-css.com/assets/files/free-css-templates/preview/page231/travel/pages/contact.html]
[www.free-css.com/assets/files/free-css-templates/preview/page231/travel/assets/css/fonts/glyphicons-halflings-regular.html]
[www.free-css.com/assets/files/free-css-templates/preview/page231/travel/assets/css/fonts/glyphicons-halflings-regular.svg]
[www.free-css.com/assets/files/free-css-templates/preview/page231/travel/assets/css/fonts/icomoon6029.svg]
[www.free-css.com/assets/files/free-css-templates/preview/page231/travel/assets/css/fonts/themify9f24.svg]
[www.free-css.com/assets/files/free-css-templates/preview/page231/travel/assets/css/fonts/OpenSans-Light.html]
[www.free-css.com/assets/files/free-css-templates/preview/page231/travel/assets/css/fonts/OpenSans.html]
[www.free-css.com/assets/files/free-css-templates/preview/page231/travel/assets/css/fonts/OpenSans-Bold.html]
